// Jest Snapshot v1, https://goo.gl/fbAQLP

exports[`Square 1`] = `
<button
  className="square"
  onClick={[MockFunction]}
>
  1
</button>
`;
